D:\Ra162-2015\lab3\implementation\system.ngc 1521535175
D:/Ra162-2015/lab3/implementation/system_dip_switches_wrapper.ngc 1521535149
D:/Ra162-2015/lab3/implementation/system_rs232_wrapper.ngc 1521535136
D:/Ra162-2015/lab3/implementation/system_proc_sys_reset_0_wrapper.ngc 1521535061
D:/Ra162-2015/lab3/implementation/system_clock_generator_0_wrapper.ngc 1521535162
D:/Ra162-2015/lab3/implementation/system_microblaze_0_ilmb_wrapper.ngc 1521535154
D:/Ra162-2015/lab3/implementation/system_microblaze_0_dlmb_wrapper.ngc 1521535156
D:/Ra162-2015/lab3/implementation/system_axi4lite_0_wrapper.ngc 1521535164
D:/Ra162-2015/lab3/implementation/system_microblaze_0_wrapper.ngc 1521535159
D:/Ra162-2015/lab3/implementation/system_microblaze_0_i_bram_ctrl_wrapper.ngc 1521535070
D:/Ra162-2015/lab3/implementation/system_microblaze_0_d_bram_ctrl_wrapper.ngc 1521535079
D:/Ra162-2015/lab3/implementation/system_debug_module_wrapper.ngc 1521535116
D:/Ra162-2015/lab3/implementation/system_leds_wrapper.ngc 1521535142
D:/Ra162-2015/lab3/implementation/system_microblaze_0_bram_block_wrapper.ngc 1521535084
OK
